Archive member included to satisfy reference by file (symbol)

D:\GIBZ\4.Semester\M242\avr\ToolChain\AvrLib\lib\AvrLib.a(AvrLib.o)
                              D:\GIBZ\4.Semester\M242\prj\helloworld\Build\HelloWorld.o (Usart_Init)
d:/gibz/4.semester/m242/avr/toolchain/avr8-gnu-toolchain-win32_x86/bin/../lib/gcc/avr/5.4.0/avr5\libgcc.a(_divmodhi4.o)
                              D:\GIBZ\4.Semester\M242\avr\ToolChain\AvrLib\lib\AvrLib.a(AvrLib.o) (__divmodhi4)
d:/gibz/4.semester/m242/avr/toolchain/avr8-gnu-toolchain-win32_x86/bin/../lib/gcc/avr/5.4.0/avr5\libgcc.a(_exit.o)
                              D:/GIBZ/4.Semester/M242/avr/ToolChain/avr8-gnu-toolchain-win32_x86/avr/Lib/avr5/crtatmega32.o (exit)
d:/gibz/4.semester/m242/avr/toolchain/avr8-gnu-toolchain-win32_x86/bin/../lib/gcc/avr/5.4.0/avr5\libgcc.a(_copy_data.o)
                              D:\GIBZ\4.Semester\M242\avr\ToolChain\AvrLib\lib\AvrLib.a(AvrLib.o) (__do_copy_data)
d:/gibz/4.semester/m242/avr/toolchain/avr8-gnu-toolchain-win32_x86/bin/../lib/gcc/avr/5.4.0/avr5\libgcc.a(_clear_bss.o)
                              D:\GIBZ\4.Semester\M242\avr\ToolChain\AvrLib\lib\AvrLib.a(AvrLib.o) (__do_clear_bss)
d:/gibz/4.semester/m242/avr/toolchain/avr8-gnu-toolchain-win32_x86/bin/../lib/gcc/avr/5.4.0/avr5\libgcc.a(_udivmodhi4.o)
                              d:/gibz/4.semester/m242/avr/toolchain/avr8-gnu-toolchain-win32_x86/bin/../lib/gcc/avr/5.4.0/avr5\libgcc.a(_divmodhi4.o) (__udivmodhi4)
D:/GIBZ/4.Semester/M242/avr/ToolChain/avr8-gnu-toolchain-win32_x86/avr/Lib/avr5\libc.a(memcpy.o)
                              D:\GIBZ\4.Semester\M242\avr\ToolChain\AvrLib\lib\AvrLib.a(AvrLib.o) (memcpy)

Allocating common symbols
Common symbol       size              file

USART_rxBuffer      0x20              D:\GIBZ\4.Semester\M242\avr\ToolChain\AvrLib\lib\AvrLib.a(AvrLib.o)

Discarded input sections

 .data          0x00000000        0x0 D:/GIBZ/4.Semester/M242/avr/ToolChain/avr8-gnu-toolchain-win32_x86/avr/Lib/avr5/crtatmega32.o
 .bss           0x00000000        0x0 D:/GIBZ/4.Semester/M242/avr/ToolChain/avr8-gnu-toolchain-win32_x86/avr/Lib/avr5/crtatmega32.o
 .text          0x00000000        0x0 D:\GIBZ\4.Semester\M242\prj\helloworld\Build\HelloWorld.o
 .data          0x00000000        0x0 D:\GIBZ\4.Semester\M242\prj\helloworld\Build\HelloWorld.o
 .bss           0x00000000        0x0 D:\GIBZ\4.Semester\M242\prj\helloworld\Build\HelloWorld.o
 .text          0x00000000        0x0 D:\GIBZ\4.Semester\M242\avr\ToolChain\AvrLib\lib\AvrLib.a(AvrLib.o)
 .data          0x00000000        0x0 D:\GIBZ\4.Semester\M242\avr\ToolChain\AvrLib\lib\AvrLib.a(AvrLib.o)
 .bss           0x00000000        0x0 D:\GIBZ\4.Semester\M242\avr\ToolChain\AvrLib\lib\AvrLib.a(AvrLib.o)
 .text.SetState
                0x00000000       0x22 D:\GIBZ\4.Semester\M242\avr\ToolChain\AvrLib\lib\AvrLib.a(AvrLib.o)
 .text.RegisterFsm
                0x00000000       0x30 D:\GIBZ\4.Semester\M242\avr\ToolChain\AvrLib\lib\AvrLib.a(AvrLib.o)
 .text.SendMessage
                0x00000000       0x9c D:\GIBZ\4.Semester\M242\avr\ToolChain\AvrLib\lib\AvrLib.a(AvrLib.o)
 .text.ProcessMessage
                0x00000000       0x66 D:\GIBZ\4.Semester\M242\avr\ToolChain\AvrLib\lib\AvrLib.a(AvrLib.o)
 .text.HandleMessage
                0x00000000       0x56 D:\GIBZ\4.Semester\M242\avr\ToolChain\AvrLib\lib\AvrLib.a(AvrLib.o)
 .text.GetMessage
                0x00000000       0xb2 D:\GIBZ\4.Semester\M242\avr\ToolChain\AvrLib\lib\AvrLib.a(AvrLib.o)
 .text.DispatchEvent
                0x00000000       0xa0 D:\GIBZ\4.Semester\M242\avr\ToolChain\AvrLib\lib\AvrLib.a(AvrLib.o)
 .text.AllowUartRx
                0x00000000        0x4 D:\GIBZ\4.Semester\M242\avr\ToolChain\AvrLib\lib\AvrLib.a(AvrLib.o)
 .text.DisallowUartRx
                0x00000000        0x4 D:\GIBZ\4.Semester\M242\avr\ToolChain\AvrLib\lib\AvrLib.a(AvrLib.o)
 .text.InitializeStateEventFramework
                0x00000000       0x56 D:\GIBZ\4.Semester\M242\avr\ToolChain\AvrLib\lib\AvrLib.a(AvrLib.o)
 .text.Usart_Trace0
                0x00000000        0xc D:\GIBZ\4.Semester\M242\avr\ToolChain\AvrLib\lib\AvrLib.a(AvrLib.o)
 .text.Usart_Trace2
                0x00000000       0x24 D:\GIBZ\4.Semester\M242\avr\ToolChain\AvrLib\lib\AvrLib.a(AvrLib.o)
 .text.Usart_Trace4
                0x00000000       0x32 D:\GIBZ\4.Semester\M242\avr\ToolChain\AvrLib\lib\AvrLib.a(AvrLib.o)
 .bss.msgBuffer.1853
                0x00000000        0xe D:\GIBZ\4.Semester\M242\avr\ToolChain\AvrLib\lib\AvrLib.a(AvrLib.o)
 .bss.bufferIndex.1854
                0x00000000        0x1 D:\GIBZ\4.Semester\M242\avr\ToolChain\AvrLib\lib\AvrLib.a(AvrLib.o)
 .bss.msgLen.1856
                0x00000000        0x1 D:\GIBZ\4.Semester\M242\avr\ToolChain\AvrLib\lib\AvrLib.a(AvrLib.o)
 .bss.msgType.1855
                0x00000000        0x1 D:\GIBZ\4.Semester\M242\avr\ToolChain\AvrLib\lib\AvrLib.a(AvrLib.o)
 .rodata._capacity
                0x00000000        0x4 D:\GIBZ\4.Semester\M242\avr\ToolChain\AvrLib\lib\AvrLib.a(AvrLib.o)
 .bss._nrOfEntries
                0x00000000        0x4 D:\GIBZ\4.Semester\M242\avr\ToolChain\AvrLib\lib\AvrLib.a(AvrLib.o)
 .bss._qOut     0x00000000        0x4 D:\GIBZ\4.Semester\M242\avr\ToolChain\AvrLib\lib\AvrLib.a(AvrLib.o)
 .bss._qIn      0x00000000        0x4 D:\GIBZ\4.Semester\M242\avr\ToolChain\AvrLib\lib\AvrLib.a(AvrLib.o)
 .rodata._prioQueue
                0x00000000        0x8 D:\GIBZ\4.Semester\M242\avr\ToolChain\AvrLib\lib\AvrLib.a(AvrLib.o)
 .bss._veryLowPrioQueue
                0x00000000       0x40 D:\GIBZ\4.Semester\M242\avr\ToolChain\AvrLib\lib\AvrLib.a(AvrLib.o)
 .bss._lowPrioQueue
                0x00000000       0x20 D:\GIBZ\4.Semester\M242\avr\ToolChain\AvrLib\lib\AvrLib.a(AvrLib.o)
 .bss._midPrioQueue
                0x00000000       0x20 D:\GIBZ\4.Semester\M242\avr\ToolChain\AvrLib\lib\AvrLib.a(AvrLib.o)
 .bss._highPrioQueue
                0x00000000       0x10 D:\GIBZ\4.Semester\M242\avr\ToolChain\AvrLib\lib\AvrLib.a(AvrLib.o)
 .data._anchor  0x00000000        0x5 D:\GIBZ\4.Semester\M242\avr\ToolChain\AvrLib\lib\AvrLib.a(AvrLib.o)
 .data._avrPoolOut
                0x00000000        0x1 D:\GIBZ\4.Semester\M242\avr\ToolChain\AvrLib\lib\AvrLib.a(AvrLib.o)
 .data._avrPoolIn
                0x00000000        0x1 D:\GIBZ\4.Semester\M242\avr\ToolChain\AvrLib\lib\AvrLib.a(AvrLib.o)
 .data._avrMsgIndex
                0x00000000        0x8 D:\GIBZ\4.Semester\M242\avr\ToolChain\AvrLib\lib\AvrLib.a(AvrLib.o)
 .bss._avrMessagePool
                0x00000000       0x50 D:\GIBZ\4.Semester\M242\avr\ToolChain\AvrLib\lib\AvrLib.a(AvrLib.o)
 .text          0x00000000        0x0 d:/gibz/4.semester/m242/avr/toolchain/avr8-gnu-toolchain-win32_x86/bin/../lib/gcc/avr/5.4.0/avr5\libgcc.a(_divmodhi4.o)
 .data          0x00000000        0x0 d:/gibz/4.semester/m242/avr/toolchain/avr8-gnu-toolchain-win32_x86/bin/../lib/gcc/avr/5.4.0/avr5\libgcc.a(_divmodhi4.o)
 .bss           0x00000000        0x0 d:/gibz/4.semester/m242/avr/toolchain/avr8-gnu-toolchain-win32_x86/bin/../lib/gcc/avr/5.4.0/avr5\libgcc.a(_divmodhi4.o)
 .text.libgcc.mul
                0x00000000        0x0 d:/gibz/4.semester/m242/avr/toolchain/avr8-gnu-toolchain-win32_x86/bin/../lib/gcc/avr/5.4.0/avr5\libgcc.a(_divmodhi4.o)
 .text.libgcc.div
                0x00000000       0x28 d:/gibz/4.semester/m242/avr/toolchain/avr8-gnu-toolchain-win32_x86/bin/../lib/gcc/avr/5.4.0/avr5\libgcc.a(_divmodhi4.o)
 .text.libgcc   0x00000000        0x0 d:/gibz/4.semester/m242/avr/toolchain/avr8-gnu-toolchain-win32_x86/bin/../lib/gcc/avr/5.4.0/avr5\libgcc.a(_divmodhi4.o)
 .text.libgcc.prologue
                0x00000000        0x0 d:/gibz/4.semester/m242/avr/toolchain/avr8-gnu-toolchain-win32_x86/bin/../lib/gcc/avr/5.4.0/avr5\libgcc.a(_divmodhi4.o)
 .text.libgcc.builtins
                0x00000000        0x0 d:/gibz/4.semester/m242/avr/toolchain/avr8-gnu-toolchain-win32_x86/bin/../lib/gcc/avr/5.4.0/avr5\libgcc.a(_divmodhi4.o)
 .text.libgcc.fmul
                0x00000000        0x0 d:/gibz/4.semester/m242/avr/toolchain/avr8-gnu-toolchain-win32_x86/bin/../lib/gcc/avr/5.4.0/avr5\libgcc.a(_divmodhi4.o)
 .text.libgcc.fixed
                0x00000000        0x0 d:/gibz/4.semester/m242/avr/toolchain/avr8-gnu-toolchain-win32_x86/bin/../lib/gcc/avr/5.4.0/avr5\libgcc.a(_divmodhi4.o)
 .text          0x00000000        0x0 d:/gibz/4.semester/m242/avr/toolchain/avr8-gnu-toolchain-win32_x86/bin/../lib/gcc/avr/5.4.0/avr5\libgcc.a(_exit.o)
 .data          0x00000000        0x0 d:/gibz/4.semester/m242/avr/toolchain/avr8-gnu-toolchain-win32_x86/bin/../lib/gcc/avr/5.4.0/avr5\libgcc.a(_exit.o)
 .bss           0x00000000        0x0 d:/gibz/4.semester/m242/avr/toolchain/avr8-gnu-toolchain-win32_x86/bin/../lib/gcc/avr/5.4.0/avr5\libgcc.a(_exit.o)
 .text.libgcc.mul
                0x00000000        0x0 d:/gibz/4.semester/m242/avr/toolchain/avr8-gnu-toolchain-win32_x86/bin/../lib/gcc/avr/5.4.0/avr5\libgcc.a(_exit.o)
 .text.libgcc.div
                0x00000000        0x0 d:/gibz/4.semester/m242/avr/toolchain/avr8-gnu-toolchain-win32_x86/bin/../lib/gcc/avr/5.4.0/avr5\libgcc.a(_exit.o)
 .text.libgcc   0x00000000        0x0 d:/gibz/4.semester/m242/avr/toolchain/avr8-gnu-toolchain-win32_x86/bin/../lib/gcc/avr/5.4.0/avr5\libgcc.a(_exit.o)
 .text.libgcc.prologue
                0x00000000        0x0 d:/gibz/4.semester/m242/avr/toolchain/avr8-gnu-toolchain-win32_x86/bin/../lib/gcc/avr/5.4.0/avr5\libgcc.a(_exit.o)
 .text.libgcc.builtins
                0x00000000        0x0 d:/gibz/4.semester/m242/avr/toolchain/avr8-gnu-toolchain-win32_x86/bin/../lib/gcc/avr/5.4.0/avr5\libgcc.a(_exit.o)
 .text.libgcc.fmul
                0x00000000        0x0 d:/gibz/4.semester/m242/avr/toolchain/avr8-gnu-toolchain-win32_x86/bin/../lib/gcc/avr/5.4.0/avr5\libgcc.a(_exit.o)
 .text.libgcc.fixed
                0x00000000        0x0 d:/gibz/4.semester/m242/avr/toolchain/avr8-gnu-toolchain-win32_x86/bin/../lib/gcc/avr/5.4.0/avr5\libgcc.a(_exit.o)
 .text          0x00000000        0x0 d:/gibz/4.semester/m242/avr/toolchain/avr8-gnu-toolchain-win32_x86/bin/../lib/gcc/avr/5.4.0/avr5\libgcc.a(_copy_data.o)
 .data          0x00000000        0x0 d:/gibz/4.semester/m242/avr/toolchain/avr8-gnu-toolchain-win32_x86/bin/../lib/gcc/avr/5.4.0/avr5\libgcc.a(_copy_data.o)
 .bss           0x00000000        0x0 d:/gibz/4.semester/m242/avr/toolchain/avr8-gnu-toolchain-win32_x86/bin/../lib/gcc/avr/5.4.0/avr5\libgcc.a(_copy_data.o)
 .text.libgcc.mul
                0x00000000        0x0 d:/gibz/4.semester/m242/avr/toolchain/avr8-gnu-toolchain-win32_x86/bin/../lib/gcc/avr/5.4.0/avr5\libgcc.a(_copy_data.o)
 .text.libgcc.div
                0x00000000        0x0 d:/gibz/4.semester/m242/avr/toolchain/avr8-gnu-toolchain-win32_x86/bin/../lib/gcc/avr/5.4.0/avr5\libgcc.a(_copy_data.o)
 .text.libgcc   0x00000000        0x0 d:/gibz/4.semester/m242/avr/toolchain/avr8-gnu-toolchain-win32_x86/bin/../lib/gcc/avr/5.4.0/avr5\libgcc.a(_copy_data.o)
 .text.libgcc.prologue
                0x00000000        0x0 d:/gibz/4.semester/m242/avr/toolchain/avr8-gnu-toolchain-win32_x86/bin/../lib/gcc/avr/5.4.0/avr5\libgcc.a(_copy_data.o)
 .text.libgcc.builtins
                0x00000000        0x0 d:/gibz/4.semester/m242/avr/toolchain/avr8-gnu-toolchain-win32_x86/bin/../lib/gcc/avr/5.4.0/avr5\libgcc.a(_copy_data.o)
 .text.libgcc.fmul
                0x00000000        0x0 d:/gibz/4.semester/m242/avr/toolchain/avr8-gnu-toolchain-win32_x86/bin/../lib/gcc/avr/5.4.0/avr5\libgcc.a(_copy_data.o)
 .text.libgcc.fixed
                0x00000000        0x0 d:/gibz/4.semester/m242/avr/toolchain/avr8-gnu-toolchain-win32_x86/bin/../lib/gcc/avr/5.4.0/avr5\libgcc.a(_copy_data.o)
 .text          0x00000000        0x0 d:/gibz/4.semester/m242/avr/toolchain/avr8-gnu-toolchain-win32_x86/bin/../lib/gcc/avr/5.4.0/avr5\libgcc.a(_clear_bss.o)
 .data          0x00000000        0x0 d:/gibz/4.semester/m242/avr/toolchain/avr8-gnu-toolchain-win32_x86/bin/../lib/gcc/avr/5.4.0/avr5\libgcc.a(_clear_bss.o)
 .bss           0x00000000        0x0 d:/gibz/4.semester/m242/avr/toolchain/avr8-gnu-toolchain-win32_x86/bin/../lib/gcc/avr/5.4.0/avr5\libgcc.a(_clear_bss.o)
 .text.libgcc.mul
                0x00000000        0x0 d:/gibz/4.semester/m242/avr/toolchain/avr8-gnu-toolchain-win32_x86/bin/../lib/gcc/avr/5.4.0/avr5\libgcc.a(_clear_bss.o)
 .text.libgcc.div
                0x00000000        0x0 d:/gibz/4.semester/m242/avr/toolchain/avr8-gnu-toolchain-win32_x86/bin/../lib/gcc/avr/5.4.0/avr5\libgcc.a(_clear_bss.o)
 .text.libgcc   0x00000000        0x0 d:/gibz/4.semester/m242/avr/toolchain/avr8-gnu-toolchain-win32_x86/bin/../lib/gcc/avr/5.4.0/avr5\libgcc.a(_clear_bss.o)
 .text.libgcc.prologue
                0x00000000        0x0 d:/gibz/4.semester/m242/avr/toolchain/avr8-gnu-toolchain-win32_x86/bin/../lib/gcc/avr/5.4.0/avr5\libgcc.a(_clear_bss.o)
 .text.libgcc.builtins
                0x00000000        0x0 d:/gibz/4.semester/m242/avr/toolchain/avr8-gnu-toolchain-win32_x86/bin/../lib/gcc/avr/5.4.0/avr5\libgcc.a(_clear_bss.o)
 .text.libgcc.fmul
                0x00000000        0x0 d:/gibz/4.semester/m242/avr/toolchain/avr8-gnu-toolchain-win32_x86/bin/../lib/gcc/avr/5.4.0/avr5\libgcc.a(_clear_bss.o)
 .text.libgcc.fixed
                0x00000000        0x0 d:/gibz/4.semester/m242/avr/toolchain/avr8-gnu-toolchain-win32_x86/bin/../lib/gcc/avr/5.4.0/avr5\libgcc.a(_clear_bss.o)
 .text          0x00000000        0x0 d:/gibz/4.semester/m242/avr/toolchain/avr8-gnu-toolchain-win32_x86/bin/../lib/gcc/avr/5.4.0/avr5\libgcc.a(_udivmodhi4.o)
 .data          0x00000000        0x0 d:/gibz/4.semester/m242/avr/toolchain/avr8-gnu-toolchain-win32_x86/bin/../lib/gcc/avr/5.4.0/avr5\libgcc.a(_udivmodhi4.o)
 .bss           0x00000000        0x0 d:/gibz/4.semester/m242/avr/toolchain/avr8-gnu-toolchain-win32_x86/bin/../lib/gcc/avr/5.4.0/avr5\libgcc.a(_udivmodhi4.o)
 .text.libgcc.mul
                0x00000000        0x0 d:/gibz/4.semester/m242/avr/toolchain/avr8-gnu-toolchain-win32_x86/bin/../lib/gcc/avr/5.4.0/avr5\libgcc.a(_udivmodhi4.o)
 .text.libgcc.div
                0x00000000       0x28 d:/gibz/4.semester/m242/avr/toolchain/avr8-gnu-toolchain-win32_x86/bin/../lib/gcc/avr/5.4.0/avr5\libgcc.a(_udivmodhi4.o)
 .text.libgcc   0x00000000        0x0 d:/gibz/4.semester/m242/avr/toolchain/avr8-gnu-toolchain-win32_x86/bin/../lib/gcc/avr/5.4.0/avr5\libgcc.a(_udivmodhi4.o)
 .text.libgcc.prologue
                0x00000000        0x0 d:/gibz/4.semester/m242/avr/toolchain/avr8-gnu-toolchain-win32_x86/bin/../lib/gcc/avr/5.4.0/avr5\libgcc.a(_udivmodhi4.o)
 .text.libgcc.builtins
                0x00000000        0x0 d:/gibz/4.semester/m242/avr/toolchain/avr8-gnu-toolchain-win32_x86/bin/../lib/gcc/avr/5.4.0/avr5\libgcc.a(_udivmodhi4.o)
 .text.libgcc.fmul
                0x00000000        0x0 d:/gibz/4.semester/m242/avr/toolchain/avr8-gnu-toolchain-win32_x86/bin/../lib/gcc/avr/5.4.0/avr5\libgcc.a(_udivmodhi4.o)
 .text.libgcc.fixed
                0x00000000        0x0 d:/gibz/4.semester/m242/avr/toolchain/avr8-gnu-toolchain-win32_x86/bin/../lib/gcc/avr/5.4.0/avr5\libgcc.a(_udivmodhi4.o)
 .text          0x00000000        0x0 D:/GIBZ/4.Semester/M242/avr/ToolChain/avr8-gnu-toolchain-win32_x86/avr/Lib/avr5\libc.a(memcpy.o)
 .data          0x00000000        0x0 D:/GIBZ/4.Semester/M242/avr/ToolChain/avr8-gnu-toolchain-win32_x86/avr/Lib/avr5\libc.a(memcpy.o)
 .bss           0x00000000        0x0 D:/GIBZ/4.Semester/M242/avr/ToolChain/avr8-gnu-toolchain-win32_x86/avr/Lib/avr5\libc.a(memcpy.o)
 .text.avr-libc
                0x00000000       0x12 D:/GIBZ/4.Semester/M242/avr/ToolChain/avr8-gnu-toolchain-win32_x86/avr/Lib/avr5\libc.a(memcpy.o)

Memory Configuration

Name             Origin             Length             Attributes
text             0x00000000         0x00020000         xr
data             0x00800060         0x0000ffa0         rw !x
eeprom           0x00810000         0x00010000         rw !x
fuse             0x00820000         0x00000002         rw !x
lock             0x00830000         0x00000400         rw !x
signature        0x00840000         0x00000400         rw !x
user_signatures  0x00850000         0x00000400         rw !x
*default*        0x00000000         0xffffffff

Linker script and memory map

LOAD D:/GIBZ/4.Semester/M242/avr/ToolChain/avr8-gnu-toolchain-win32_x86/avr/Lib/avr5/crtatmega32.o
LOAD D:\GIBZ\4.Semester\M242\prj\helloworld\Build\HelloWorld.o
LOAD D:\GIBZ\4.Semester\M242\avr\ToolChain\AvrLib\lib\AvrLib.a
START GROUP
LOAD D:/GIBZ/4.Semester/M242/avr/ToolChain/avr8-gnu-toolchain-win32_x86/avr/Lib/avr5\libm.a
END GROUP
START GROUP
LOAD d:/gibz/4.semester/m242/avr/toolchain/avr8-gnu-toolchain-win32_x86/bin/../lib/gcc/avr/5.4.0/avr5\libgcc.a
LOAD D:/GIBZ/4.Semester/M242/avr/ToolChain/avr8-gnu-toolchain-win32_x86/avr/Lib/avr5\libm.a
LOAD D:/GIBZ/4.Semester/M242/avr/ToolChain/avr8-gnu-toolchain-win32_x86/avr/Lib/avr5\libc.a
LOAD D:/GIBZ/4.Semester/M242/avr/ToolChain/avr8-gnu-toolchain-win32_x86/avr/Lib/avr5\libatmega32.a
END GROUP
                0x00020000                __TEXT_REGION_LENGTH__ = DEFINED (__TEXT_REGION_LENGTH__)?__TEXT_REGION_LENGTH__:0x20000
                0x0000ffa0                __DATA_REGION_LENGTH__ = DEFINED (__DATA_REGION_LENGTH__)?__DATA_REGION_LENGTH__:0xffa0
                0x00010000                __EEPROM_REGION_LENGTH__ = DEFINED (__EEPROM_REGION_LENGTH__)?__EEPROM_REGION_LENGTH__:0x10000
                [0x00000002]                __FUSE_REGION_LENGTH__ = DEFINED (__FUSE_REGION_LENGTH__)?__FUSE_REGION_LENGTH__:0x400
                0x00000400                __LOCK_REGION_LENGTH__ = DEFINED (__LOCK_REGION_LENGTH__)?__LOCK_REGION_LENGTH__:0x400
                0x00000400                __SIGNATURE_REGION_LENGTH__ = DEFINED (__SIGNATURE_REGION_LENGTH__)?__SIGNATURE_REGION_LENGTH__:0x400
                0x00000400                __USER_SIGNATURE_REGION_LENGTH__ = DEFINED (__USER_SIGNATURE_REGION_LENGTH__)?__USER_SIGNATURE_REGION_LENGTH__:0x400

.hash
 *(.hash)

.dynsym
 *(.dynsym)

.dynstr
 *(.dynstr)

.gnu.version
 *(.gnu.version)

.gnu.version_d
 *(.gnu.version_d)

.gnu.version_r
 *(.gnu.version_r)

.rel.init
 *(.rel.init)

.rela.init
 *(.rela.init)

.rel.text
 *(.rel.text)
 *(.rel.text.*)
 *(.rel.gnu.linkonce.t*)

.rela.text
 *(.rela.text)
 *(.rela.text.*)
 *(.rela.gnu.linkonce.t*)

.rel.fini
 *(.rel.fini)

.rela.fini
 *(.rela.fini)

.rel.rodata
 *(.rel.rodata)
 *(.rel.rodata.*)
 *(.rel.gnu.linkonce.r*)

.rela.rodata
 *(.rela.rodata)
 *(.rela.rodata.*)
 *(.rela.gnu.linkonce.r*)

.rel.data
 *(.rel.data)
 *(.rel.data.*)
 *(.rel.gnu.linkonce.d*)

.rela.data
 *(.rela.data)
 *(.rela.data.*)
 *(.rela.gnu.linkonce.d*)

.rel.ctors
 *(.rel.ctors)

.rela.ctors
 *(.rela.ctors)

.rel.dtors
 *(.rel.dtors)

.rela.dtors
 *(.rela.dtors)

.rel.got
 *(.rel.got)

.rela.got
 *(.rela.got)

.rel.bss
 *(.rel.bss)

.rela.bss
 *(.rela.bss)

.rel.plt
 *(.rel.plt)

.rela.plt
 *(.rela.plt)

.text           0x00000000      0x256
 *(.vectors)
 .vectors       0x00000000       0x54 D:/GIBZ/4.Semester/M242/avr/ToolChain/avr8-gnu-toolchain-win32_x86/avr/Lib/avr5/crtatmega32.o
                0x00000000                __vector_default
                0x00000000                __vectors
 *(.vectors)
 *(.progmem.gcc*)
                0x00000054                . = ALIGN (0x2)
                0x00000054                __trampolines_start = .
 *(.trampolines)
 .trampolines   0x00000054        0x0 linker stubs
 *(.trampolines*)
                0x00000054                __trampolines_end = .
 *libprintf_flt.a:*(.progmem.data)
 *libc.a:*(.progmem.data)
 *(.progmem*)
                0x00000054                . = ALIGN (0x2)
 *(.jumptables)
 *(.jumptables*)
 *(.lowtext)
 *(.lowtext*)
                0x00000054                __ctors_start = .
 *(.ctors)
                0x00000054                __ctors_end = .
                0x00000054                __dtors_start = .
 *(.dtors)
                0x00000054                __dtors_end = .
 SORT(*)(.ctors)
 SORT(*)(.dtors)
 *(.init0)
 .init0         0x00000054        0x0 D:/GIBZ/4.Semester/M242/avr/ToolChain/avr8-gnu-toolchain-win32_x86/avr/Lib/avr5/crtatmega32.o
                0x00000054                __init
 *(.init0)
 *(.init1)
 *(.init1)
 *(.init2)
 .init2         0x00000054        0xc D:/GIBZ/4.Semester/M242/avr/ToolChain/avr8-gnu-toolchain-win32_x86/avr/Lib/avr5/crtatmega32.o
 *(.init2)
 *(.init3)
 *(.init3)
 *(.init4)
 .init4         0x00000060       0x16 d:/gibz/4.semester/m242/avr/toolchain/avr8-gnu-toolchain-win32_x86/bin/../lib/gcc/avr/5.4.0/avr5\libgcc.a(_copy_data.o)
                0x00000060                __do_copy_data
 .init4         0x00000076       0x10 d:/gibz/4.semester/m242/avr/toolchain/avr8-gnu-toolchain-win32_x86/bin/../lib/gcc/avr/5.4.0/avr5\libgcc.a(_clear_bss.o)
                0x00000076                __do_clear_bss
 *(.init4)
 *(.init5)
 *(.init5)
 *(.init6)
 *(.init6)
 *(.init7)
 *(.init7)
 *(.init8)
 *(.init8)
 *(.init9)
 .init9         0x00000086        0x8 D:/GIBZ/4.Semester/M242/avr/ToolChain/avr8-gnu-toolchain-win32_x86/avr/Lib/avr5/crtatmega32.o
 *(.init9)
 *(.text)
 .text          0x0000008e        0x4 D:/GIBZ/4.Semester/M242/avr/ToolChain/avr8-gnu-toolchain-win32_x86/avr/Lib/avr5/crtatmega32.o
                0x0000008e                __vector_1
                0x0000008e                __vector_12
                0x0000008e                __bad_interrupt
                0x0000008e                __vector_6
                0x0000008e                __vector_3
                0x0000008e                __vector_11
                0x0000008e                __vector_17
                0x0000008e                __vector_19
                0x0000008e                __vector_7
                0x0000008e                __vector_5
                0x0000008e                __vector_4
                0x0000008e                __vector_9
                0x0000008e                __vector_2
                0x0000008e                __vector_15
                0x0000008e                __vector_8
                0x0000008e                __vector_14
                0x0000008e                __vector_10
                0x0000008e                __vector_16
                0x0000008e                __vector_18
                0x0000008e                __vector_20
                0x00000092                . = ALIGN (0x2)
 *(.text.*)
 .text.main     0x00000092       0x76 D:\GIBZ\4.Semester\M242\prj\helloworld\Build\HelloWorld.o
                0x00000092                main
 .text.EnterAtomic
                0x00000108        0xe D:\GIBZ\4.Semester\M242\avr\ToolChain\AvrLib\lib\AvrLib.a(AvrLib.o)
                0x00000108                EnterAtomic
 .text.LeaveAtomic
                0x00000116       0x12 D:\GIBZ\4.Semester\M242\avr\ToolChain\AvrLib\lib\AvrLib.a(AvrLib.o)
                0x00000116                LeaveAtomic
 .text.Usart_Init
                0x00000128       0x12 D:\GIBZ\4.Semester\M242\avr\ToolChain\AvrLib\lib\AvrLib.a(AvrLib.o)
                0x00000128                Usart_Init
 .text.Usart_PutChar
                0x0000013a        0x8 D:\GIBZ\4.Semester\M242\avr\ToolChain\AvrLib\lib\AvrLib.a(AvrLib.o)
                0x0000013a                Usart_PutChar
 .text.Usart_PutShort
                0x00000142        0xe D:\GIBZ\4.Semester\M242\avr\ToolChain\AvrLib\lib\AvrLib.a(AvrLib.o)
                0x00000142                Usart_PutShort
 .text.Usart_TraceN
                0x00000150       0x58 D:\GIBZ\4.Semester\M242\avr\ToolChain\AvrLib\lib\AvrLib.a(AvrLib.o)
                0x00000150                Usart_TraceN
 .text.Usart_Trace1
                0x000001a8       0x20 D:\GIBZ\4.Semester\M242\avr\ToolChain\AvrLib\lib\AvrLib.a(AvrLib.o)
                0x000001a8                Usart_Trace1
 .text.Usart_Trace3
                0x000001c8       0x2a D:\GIBZ\4.Semester\M242\avr\ToolChain\AvrLib\lib\AvrLib.a(AvrLib.o)
                0x000001c8                Usart_Trace3
 .text.__vector_13
                0x000001f2       0x60 D:\GIBZ\4.Semester\M242\avr\ToolChain\AvrLib\lib\AvrLib.a(AvrLib.o)
                0x000001f2                __vector_13
                0x00000252                . = ALIGN (0x2)
 *(.fini9)
 .fini9         0x00000252        0x0 d:/gibz/4.semester/m242/avr/toolchain/avr8-gnu-toolchain-win32_x86/bin/../lib/gcc/avr/5.4.0/avr5\libgcc.a(_exit.o)
                0x00000252                _exit
                0x00000252                exit
 *(.fini9)
 *(.fini8)
 *(.fini8)
 *(.fini7)
 *(.fini7)
 *(.fini6)
 *(.fini6)
 *(.fini5)
 *(.fini5)
 *(.fini4)
 *(.fini4)
 *(.fini3)
 *(.fini3)
 *(.fini2)
 *(.fini2)
 *(.fini1)
 *(.fini1)
 *(.fini0)
 .fini0         0x00000252        0x4 d:/gibz/4.semester/m242/avr/toolchain/avr8-gnu-toolchain-win32_x86/bin/../lib/gcc/avr/5.4.0/avr5\libgcc.a(_exit.o)
 *(.fini0)
                0x00000256                _etext = .

.data           0x00800060        0x0 load address 0x00000256
                0x00800060                PROVIDE (__data_start, .)
 *(.data)
 *(.data*)
 *(.gnu.linkonce.d*)
 *(.rodata)
 *(.rodata*)
 *(.gnu.linkonce.r*)
                0x00800060                . = ALIGN (0x2)
                0x00800060                _edata = .
                0x00800060                PROVIDE (__data_end, .)

.bss            0x00800060       0x23
                0x00800060                PROVIDE (__bss_start, .)
 *(.bss)
 *(.bss*)
 .bss.USART_rxBufferOut
                0x00800060        0x1 D:\GIBZ\4.Semester\M242\avr\ToolChain\AvrLib\lib\AvrLib.a(AvrLib.o)
 .bss.USART_rxBufferIn
                0x00800061        0x1 D:\GIBZ\4.Semester\M242\avr\ToolChain\AvrLib\lib\AvrLib.a(AvrLib.o)
 .bss._enterAtomicNesting
                0x00800062        0x1 D:\GIBZ\4.Semester\M242\avr\ToolChain\AvrLib\lib\AvrLib.a(AvrLib.o)
 *(COMMON)
 COMMON         0x00800063       0x20 D:\GIBZ\4.Semester\M242\avr\ToolChain\AvrLib\lib\AvrLib.a(AvrLib.o)
                0x00800063                USART_rxBuffer
                0x00800083                PROVIDE (__bss_end, .)
                0x00000256                __data_load_start = LOADADDR (.data)
                0x00000256                __data_load_end = (__data_load_start + SIZEOF (.data))

.noinit         0x00800083        0x0
                [!provide]                PROVIDE (__noinit_start, .)
 *(.noinit*)
                [!provide]                PROVIDE (__noinit_end, .)
                0x00800083                _end = .
                [!provide]                PROVIDE (__heap_start, .)

.eeprom         0x00810000        0x0
 *(.eeprom*)
                0x00810000                __eeprom_end = .

.fuse
 *(.fuse)
 *(.lfuse)
 *(.hfuse)
 *(.efuse)

.lock
 *(.lock*)

.signature
 *(.signature*)

.user_signatures
 *(.user_signatures*)

.stab
 *(.stab)

.stabstr
 *(.stabstr)

.stab.excl
 *(.stab.excl)

.stab.exclstr
 *(.stab.exclstr)

.stab.index
 *(.stab.index)

.stab.indexstr
 *(.stab.indexstr)

.comment        0x00000000       0x30
 *(.comment)
 .comment       0x00000000       0x30 D:\GIBZ\4.Semester\M242\prj\helloworld\Build\HelloWorld.o
                                 0x31 (size before relaxing)
 .comment       0x00000030       0x31 D:\GIBZ\4.Semester\M242\avr\ToolChain\AvrLib\lib\AvrLib.a(AvrLib.o)

.note.gnu.avr.deviceinfo
                0x00000000       0x3c
 .note.gnu.avr.deviceinfo
                0x00000000       0x3c D:/GIBZ/4.Semester/M242/avr/ToolChain/avr8-gnu-toolchain-win32_x86/avr/Lib/avr5/crtatmega32.o

.note.gnu.build-id
 *(.note.gnu.build-id)

.debug
 *(.debug)

.line
 *(.line)

.debug_srcinfo
 *(.debug_srcinfo)

.debug_sfnames
 *(.debug_sfnames)

.debug_aranges  0x00000000       0xe8
 *(.debug_aranges)
 .debug_aranges
                0x00000000       0x20 D:\GIBZ\4.Semester\M242\prj\helloworld\Build\HelloWorld.o
 .debug_aranges
                0x00000020       0xc8 D:\GIBZ\4.Semester\M242\avr\ToolChain\AvrLib\lib\AvrLib.a(AvrLib.o)

.debug_pubnames
 *(.debug_pubnames)

.debug_info     0x00000000     0x12f4
 *(.debug_info .gnu.linkonce.wi.*)
 .debug_info    0x00000000      0x4e6 D:/GIBZ/4.Semester/M242/avr/ToolChain/avr8-gnu-toolchain-win32_x86/avr/Lib/avr5/crtatmega32.o
 .debug_info    0x000004e6      0x1c6 D:\GIBZ\4.Semester\M242\prj\helloworld\Build\HelloWorld.o
 .debug_info    0x000006ac      0xc48 D:\GIBZ\4.Semester\M242\avr\ToolChain\AvrLib\lib\AvrLib.a(AvrLib.o)

.debug_abbrev   0x00000000      0x8ab
 *(.debug_abbrev)
 .debug_abbrev  0x00000000      0x4a3 D:/GIBZ/4.Semester/M242/avr/ToolChain/avr8-gnu-toolchain-win32_x86/avr/Lib/avr5/crtatmega32.o
 .debug_abbrev  0x000004a3      0x10b D:\GIBZ\4.Semester\M242\prj\helloworld\Build\HelloWorld.o
 .debug_abbrev  0x000005ae      0x2fd D:\GIBZ\4.Semester\M242\avr\ToolChain\AvrLib\lib\AvrLib.a(AvrLib.o)

.debug_line     0x00000000      0x72b
 *(.debug_line .debug_line.* .debug_line_end)
 .debug_line    0x00000000       0x1a D:/GIBZ/4.Semester/M242/avr/ToolChain/avr8-gnu-toolchain-win32_x86/avr/Lib/avr5/crtatmega32.o
 .debug_line    0x0000001a      0x1a4 D:\GIBZ\4.Semester\M242\prj\helloworld\Build\HelloWorld.o
 .debug_line    0x000001be      0x56d D:\GIBZ\4.Semester\M242\avr\ToolChain\AvrLib\lib\AvrLib.a(AvrLib.o)

.debug_frame    0x00000000      0x2bc
 *(.debug_frame)
 .debug_frame   0x00000000       0x38 D:\GIBZ\4.Semester\M242\prj\helloworld\Build\HelloWorld.o
 .debug_frame   0x00000038      0x284 D:\GIBZ\4.Semester\M242\avr\ToolChain\AvrLib\lib\AvrLib.a(AvrLib.o)

.debug_str      0x00000000      0x768
 *(.debug_str)
 .debug_str     0x00000000      0x196 D:/GIBZ/4.Semester/M242/avr/ToolChain/avr8-gnu-toolchain-win32_x86/avr/Lib/avr5/crtatmega32.o
 .debug_str     0x00000196      0x1a7 D:\GIBZ\4.Semester\M242\prj\helloworld\Build\HelloWorld.o
                                0x1db (size before relaxing)
 .debug_str     0x0000033d      0x42b D:\GIBZ\4.Semester\M242\avr\ToolChain\AvrLib\lib\AvrLib.a(AvrLib.o)
                                0x59c (size before relaxing)

.debug_loc      0x00000000      0xb9d
 *(.debug_loc)
 .debug_loc     0x00000000       0xc8 D:\GIBZ\4.Semester\M242\prj\helloworld\Build\HelloWorld.o
 .debug_loc     0x000000c8      0xad5 D:\GIBZ\4.Semester\M242\avr\ToolChain\AvrLib\lib\AvrLib.a(AvrLib.o)

.debug_macinfo
 *(.debug_macinfo)

.debug_weaknames
 *(.debug_weaknames)

.debug_funcnames
 *(.debug_funcnames)

.debug_typenames
 *(.debug_typenames)

.debug_varnames
 *(.debug_varnames)

.debug_pubtypes
 *(.debug_pubtypes)

.debug_ranges   0x00000000       0xc8
 *(.debug_ranges)
 .debug_ranges  0x00000000       0x10 D:\GIBZ\4.Semester\M242\prj\helloworld\Build\HelloWorld.o
 .debug_ranges  0x00000010       0xb8 D:\GIBZ\4.Semester\M242\avr\ToolChain\AvrLib\lib\AvrLib.a(AvrLib.o)

.debug_macro
 *(.debug_macro)
OUTPUT(D:\GIBZ\4.Semester\M242\prj\helloworld\Build\helloworld.elf elf32-avr)
LOAD linker stubs
